Configuration on demand is an incubating feature.
Type-safe project accessors is an incubating feature.
> Task :app:checkKotlinGradlePluginConfigurationErrors
> Task :app:preBuild UP-TO-DATE
> Task :app:preDebugBuild UP-TO-DATE
> Task :app:generateDebugBuildConfig
> Task :app:checkDebugAarMetadata
WARNING: [Processor] Library '/home/ubuntu/.gradle/caches/modules-2/files-2.1/androidx.media3/media3-ui/1.2.1/8794bbc81c7dd40754e9539fcdda1ba5c999e29b/media3-ui-1.2.1.aar' contains references to both AndroidX and old support library. This seems like the library is partially migrated. Jetifier will try to rewrite the library anyway.
 Example of androidX reference: 'androidx/media3/ui/PlayerNotificationManager'
 Example of support library reference: 'android/support/v4/media/session/MediaSessionCompat$Token'
WARNING: [Processor] Library '/home/ubuntu/.gradle/caches/modules-2/files-2.1/androidx.media3/media3-session/1.2.1/cbf4e0a569db4a31cbae164ad04ee66cdbff5105/media3-session-1.2.1.aar' contains references to both AndroidX and old support library. This seems like the library is partially migrated. Jetifier will try to rewrite the library anyway.
 Example of androidX reference: 'androidx/media3/session/LegacyConversions'
 Example of support library reference: 'android/support/v4/media/session/MediaControllerCompat$PlaybackInfo'

> Task :app:generateDebugResValues
> Task :app:mapDebugSourceSetPaths
> Task :app:generateDebugResources
> Task :app:packageDebugResources
> Task :app:createDebugCompatibleScreenManifests
> Task :app:extractDeepLinksDebug
> Task :app:parseDebugLocalResources
> Task :app:mergeDebugResources
> Task :app:processDebugMainManifest
> Task :app:processDebugManifest
> Task :app:processDebugManifestForPackage
> Task :app:processDebugResources
> Task :app:kspDebugKotlin

> Task :app:compileDebugKotlin
e: file:///workspace/app/src/main/kotlin/com/example/spybrain/presentation/achievements/AchievementsViewModel.kt:17:47 Unresolved reference: BaseContract
e: file:///workspace/app/src/main/kotlin/com/example/spybrain/presentation/achievements/AchievementsViewModel.kt:18:47 Unresolved reference: BaseContract
e: file:///workspace/app/src/main/kotlin/com/example/spybrain/presentation/achievements/AchievementsViewModel.kt:19:47 Unresolved reference: BaseContract
e: file:///workspace/app/src/main/kotlin/com/example/spybrain/presentation/breathing/BreathingScreen.kt:241:24 Type mismatch: inferred type is String? but String was expected
e: file:///workspace/app/src/main/kotlin/com/example/spybrain/presentation/breathing/BreathingViewModel.kt:154:53 Type mismatch: inferred type is String? but String was expected
e: file:///workspace/app/src/main/kotlin/com/example/spybrain/presentation/breathing/BreathingViewModel.kt:216:51 No value passed for parameter 'message'
e: file:///workspace/app/src/main/kotlin/com/example/spybrain/presentation/breathing/patternbuilder/BreathingPatternBuilderScreen.kt:179:61 Unresolved reference: Build
e: file:///workspace/app/src/main/kotlin/com/example/spybrain/presentation/meditation/MeditationLibraryViewModel.kt:64:28 Type mismatch: inferred type is String? but String was expected
e: file:///workspace/app/src/main/kotlin/com/example/spybrain/presentation/meditation/MeditationLibraryViewModel.kt:65:38 No value passed for parameter 'userId'
e: file:///workspace/app/src/main/kotlin/com/example/spybrain/presentation/meditation/MeditationScreen.kt:336:40 Type mismatch: inferred type is String? but String was expected
e: file:///workspace/app/src/main/kotlin/com/example/spybrain/presentation/meditation/MeditationScreen.kt:351:44 Type mismatch: inferred type is String? but String was expected
e: file:///workspace/app/src/main/kotlin/com/example/spybrain/presentation/meditation/MeditationScreen.kt:426:32 Type mismatch: inferred type is String? but String was expected
e: file:///workspace/app/src/main/kotlin/com/example/spybrain/presentation/meditation/MeditationScreen.kt:518:46 Unresolved reference: animateFloatAsState
e: file:///workspace/app/src/main/kotlin/com/example/spybrain/presentation/meditation/MeditationScreen.kt:754:53 Unresolved reference: animateFloatAsState
e: file:///workspace/app/src/main/kotlin/com/example/spybrain/presentation/meditation/MeditationViewModel.kt:323:36 Only safe (?.) or non-null asserted (!!.) calls are allowed on a nullable receiver of type String?
e: file:///workspace/app/src/main/kotlin/com/example/spybrain/presentation/meditation/MeditationViewModel.kt:330:36 Only safe (?.) or non-null asserted (!!.) calls are allowed on a nullable receiver of type String?
e: file:///workspace/app/src/main/kotlin/com/example/spybrain/presentation/meditation/MeditationViewModel.kt:331:36 Only safe (?.) or non-null asserted (!!.) calls are allowed on a nullable receiver of type String?
e: file:///workspace/app/src/main/kotlin/com/example/spybrain/presentation/meditation/MeditationViewModel.kt:332:36 Only safe (?.) or non-null asserted (!!.) calls are allowed on a nullable receiver of type String?
e: file:///workspace/app/src/main/kotlin/com/example/spybrain/presentation/meditation/MeditationViewModel.kt:333:36 Only safe (?.) or non-null asserted (!!.) calls are allowed on a nullable receiver of type String?
e: file:///workspace/app/src/main/kotlin/com/example/spybrain/presentation/meditation/MeditationViewModel.kt:335:60 Only safe (?.) or non-null asserted (!!.) calls are allowed on a nullable receiver of type String?
e: file:///workspace/app/src/main/kotlin/com/example/spybrain/presentation/meditation/MeditationViewModel.kt:351:40 Type mismatch: inferred type is String? but String was expected
e: file:///workspace/app/src/main/kotlin/com/example/spybrain/presentation/meditation/MeditationViewModel.kt:355:54 No value passed for parameter 'userId'
e: file:///workspace/app/src/main/kotlin/com/example/spybrain/presentation/meditation/MeditationViewModel.kt:375:70 No value passed for parameter 'userId'
e: file:///workspace/app/src/main/kotlin/com/example/spybrain/presentation/navigation/NavGraph.kt:59:43 No value passed for parameter 'onBackPressed'
e: file:///workspace/app/src/main/kotlin/com/example/spybrain/presentation/reminders/HeartRateScreen.kt:170:37 Unresolved reference: animateFloatAsState

> Task :app:compileDebugKotlin FAILED

FAILURE: Build failed with an exception.

* What went wrong:
Execution failed for task ':app:compileDebugKotlin'.
> A failure occurred while executing org.jetbrains.kotlin.compilerRunner.GradleCompilerRunnerWithWorkers$GradleKotlinCompilerWorkAction
   > Compilation error. See log for more details

* Try:
> Run with --stacktrace option to get the stack trace.
> Run with --info or --debug option to get more log output.
> Run with --scan to get full insights.
> Get more help at https://help.gradle.org.

BUILD FAILED in 1m 46s
16 actionable tasks: 16 executed
